Command line invocation:
    /Applications/Xcode.app/Contents/Developer/usr/bin/xcodebuild test-without-building -xctestrun /tmp/bb-share-derived/Build/Products/SettingsProduct.xctestrun -destination id=DEC62F68-5602-4191-BE4E-638447B485F4 -parallel-testing-enabled NO "-only-testing:BBStudioUITests/ReviewQualityUITests/testSettingsElementDetectionAtAccessibilityText" -resultBundlePath /tmp/bb-settings-minimal-product-row2.xcresult

Writing result bundle at path:
	/tmp/bb-settings-minimal-product-row2.xcresult

2026-10-03 02:02:14.454798-0400 BBStudioUITests-Runner[44296:89242167] [Default] Running tests...
    t =      nans Interface orientation changed to Portrait
Test Suite 'Selected tests' started at 2026-10-03 02:02:17.441.
Test Suite 'BBStudioUITests.xctest' started at 2026-10-03 02:02:17.444.
Test Suite 'ReviewQualityUITests' started at 2026-10-03 02:02:17.445.
Test Case '-[BBStudioUITests.ReviewQualityUITests testSettingsElementDetectionAtAccessibilityText]' started.
    t =     0.01s Start Test at 2026-10-03 02:02:17.451
    t =     0.03s Set Up
    t =     0.03s Open nyc.plee.bbgo
    t =     0.03s     Launch nyc.plee.bbgo
2026-10-03 02:02:17.534 xcodebuild[44271:89241655] [MT] IDELaunchParametersSnapshot: debugger version lookup failed for path '<nil>': noURL
2026-10-03 02:02:17.535 xcodebuild[44271:89241655] [MT] IDELaunchParametersSnapshot: no debugger version
objc[44296]: Class UIAccessibilityLoaderWebShared is implemented in both /private/var/run/com.apple.security.cryptexd/mnt/com.apple.iPhoneOS.SimulatorRuntime-v24.1.434.0.69EhJr/Library/Developer/CoreSimulator/Profiles/Runtimes/iOS 27.0.simruntime/Contents/Resources/RuntimeRoot/System/Library/AccessibilityBundles/WebKit.axbundle/WebKit (0x1069c0398) and /private/var/run/com.apple.security.cryptexd/mnt/com.apple.iPhoneOS.SimulatorRuntime-v24.1.434.0.69EhJr/Library/Developer/CoreSimulator/Profiles/Runtimes/iOS 27.0.simruntime/Contents/Resources/RuntimeRoot/System/Library/AccessibilityBundles/WebCore.axbundle/WebCore (0x10a478310). This may cause spurious casting failures and mysterious crashes. One of the duplicates must be removed or renamed.
    t =     3.40s         Setting up automation session
    t =     6.75s         Wait for nyc.plee.bbgo to idle
    t =     8.59s Waiting 20.0s for "Settings" Button to exist
    t =     9.60s     Checking `Expect predicate `existsNoRetry == 1` for object "Settings" Button`
    t =     9.60s         Checking existence of `"Settings" Button`
    t =     9.82s Tap "Settings" Button
    t =     9.82s     Wait for nyc.plee.bbgo to idle
    t =     9.83s     Find the "Settings" Button
    t =    10.00s     Check for interrupting elements affecting "Settings" Button
    t =    10.10s     Synthesize event
    t =    10.43s     Wait for nyc.plee.bbgo to idle
    t =    12.31s Waiting 10.0s for "settingsServerURL" Any to exist
    t =    13.38s     Checking `Expect predicate `existsNoRetry == 1` for object "settingsServerURL" Any`
    t =    13.38s         Checking existence of `"settingsServerURL" Any`
    t =    13.44s Find the "settingsServerURL" Any
    t =    13.48s Checking existence of `StaticText (First Match)`
    t =    13.60s Swipe up Target Application 'nyc.plee.bbgo'
    t =    13.60s     Wait for nyc.plee.bbgo to idle
    t =    13.60s     Find the Target Application 'nyc.plee.bbgo'
    t =    13.62s     Check for interrupting elements affecting "BB Studio" Application
    t =    13.65s     Synthesize event
    t =    14.08s     Wait for nyc.plee.bbgo to idle
    t =    16.18s Checking existence of `StaticText (First Match)`
    t =    16.40s Find the StaticText (First Match)
    t =    16.51s Find the Target Application 'nyc.plee.bbgo'
    t =    16.62s Added attachment named 'settings-configured-limit-accessibility-xxxl'
    t =    16.62s Requesting snapshot of accessibility hierarchy for app with pid 44426
    t =    16.83s Requesting snapshot of accessibility hierarchy for app with pid 44426
    t =    16.87s Added attachment named 'settings-configured-limit-accessibility-xxxl-accessibility-tree'
    t =    16.87s Checking existence of `"Configured limit, Automatic" StaticText`
    t =    17.03s Find the "Configured limit, Automatic" StaticText
    t =    17.76s Terminate nyc.plee.bbgo:44426
    t =    18.83s Tear Down
Test Case '-[BBStudioUITests.ReviewQualityUITests testSettingsElementDetectionAtAccessibilityText]' passed (18.899 seconds).
Test Suite 'ReviewQualityUITests' passed at 2026-10-03 02:02:36.351.
	 Executed 1 test, with 0 failures (0 unexpected) in 18.899 (18.906) seconds
Test Suite 'BBStudioUITests.xctest' passed at 2026-10-03 02:02:36.351.
	 Executed 1 test, with 0 failures (0 unexpected) in 18.899 (18.907) seconds
Test Suite 'Selected tests' passed at 2026-10-03 02:02:36.351.
	 Executed 1 test, with 0 failures (0 unexpected) in 18.899 (18.910) seconds
2026-10-03 02:02:36.759 xcodebuild[44271:89241655] [MT] IDETestOperationsObserverDebug: 24.430 elapsed -- Testing started completed.
2026-10-03 02:02:36.759 xcodebuild[44271:89241655] [MT] IDETestOperationsObserverDebug: 0.000 sec, +0.000 sec -- start
2026-10-03 02:02:36.759 xcodebuild[44271:89241655] [MT] IDETestOperationsObserverDebug: 24.430 sec, +24.430 sec -- end

Test session results, code coverage, and logs:
	/tmp/bb-settings-minimal-product-row2.xcresult

** TEST EXECUTE SUCCEEDED **

Testing started
