Command line invocation:
    /Applications/Xcode.app/Contents/Developer/usr/bin/xcodebuild test-without-building -xctestrun /tmp/bb-settings-minimal-DD/Build/Products/MinimalControls.xctestrun -destination id=EA7BA54A-8782-423B-A698-5E552E2EED33 -parallel-testing-enabled NO "-only-testing:MinimalSettingsUITests/MinimalSettingsUITests/testToggleOnlyDetection" "-only-testing:MinimalSettingsUITests/MinimalSettingsUITests/testStepperOnlyDetection" "-only-testing:MinimalSettingsUITests/MinimalSettingsUITests/testHostOnlyDetection" "-only-testing:MinimalSettingsUITests/MinimalSettingsUITests/testEmptyControlsDetection" -resultBundlePath /tmp/bb-settings-minimal-isolation.xcresult

Writing result bundle at path:
	/tmp/bb-settings-minimal-isolation.xcresult

2026-10-03 01:48:45.094295-0400 MinimalSettingsUITests-Runner[95441:89098250] [Default] Running tests...
    t =      nans Interface orientation changed to Portrait
Test Suite 'Selected tests' started at 2026-10-03 01:48:50.751.
Test Suite 'MinimalSettingsUITests.xctest' started at 2026-10-03 01:48:50.751.
Test Suite 'MinimalSettingsUITests' started at 2026-10-03 01:48:50.752.
Test Case '-[MinimalSettingsUITests.MinimalSettingsUITests testEmptyControlsDetection]' started.
    t =     0.00s Start Test at 2026-10-03 01:48:50.755
    t =     0.03s Set Up
    t =     0.04s Open local.bbsettingsreview.minimal
    t =     0.04s     Launch local.bbsettingsreview.minimal
2026-10-03 01:48:50.872 xcodebuild[94923:89096689] [MT] IDELaunchParametersSnapshot: debugger version lookup failed for path '<nil>': noURL
2026-10-03 01:48:50.872 xcodebuild[94923:89096689] [MT] IDELaunchParametersSnapshot: no debugger version
    t =     0.99s         Setting up automation session
objc[95441]: Class UIAccessibilityLoaderWebShared is implemented in both /private/var/run/com.apple.security.cryptexd/mnt/com.apple.iPhoneOS.SimulatorRuntime-v24.1.434.0.69EhJr/Library/Developer/CoreSimulator/Profiles/Runtimes/iOS 27.0.simruntime/Contents/Resources/RuntimeRoot/System/Library/AccessibilityBundles/WebKit.axbundle/WebKit (0x1029b0398) and /private/var/run/com.apple.security.cryptexd/mnt/com.apple.iPhoneOS.SimulatorRuntime-v24.1.434.0.69EhJr/Library/Developer/CoreSimulator/Profiles/Runtimes/iOS 27.0.simruntime/Contents/Resources/RuntimeRoot/System/Library/AccessibilityBundles/WebCore.axbundle/WebCore (0x1064c8310). This may cause spurious casting failures and mysterious crashes. One of the duplicates must be removed or renamed.
    t =     5.48s         Wait for local.bbsettingsreview.minimal to idle
    t =     7.31s Waiting 10.0s for "minimal-empty" Any to exist
    t =     8.32s     Checking `Expect predicate `existsNoRetry == 1` for object "minimal-empty" Any`
    t =     8.32s         Checking existence of `"minimal-empty" Any`
    t =     8.56s Find the Target Application 'local.bbsettingsreview.minimal'
    t =     8.70s Added attachment named 'minimal-empty'
    t =     8.71s Requesting snapshot of accessibility hierarchy for app with pid 95512
    t =     8.97s Requesting snapshot of accessibility hierarchy for app with pid 95512
    t =     9.02s Added attachment named 'minimal-empty-accessibility-tree'
    t =     9.73s Terminate local.bbsettingsreview.minimal:95512
    t =    10.74s Tear Down
Test Case '-[MinimalSettingsUITests.MinimalSettingsUITests testEmptyControlsDetection]' passed (10.762 seconds).
Test Case '-[MinimalSettingsUITests.MinimalSettingsUITests testHostOnlyDetection]' started.
    t =     0.00s Start Test at 2026-10-03 01:49:01.518
    t =     0.02s Set Up
    t =     0.02s Open local.bbsettingsreview.minimal
    t =     0.03s     Launch local.bbsettingsreview.minimal
2026-10-03 01:49:01.544 xcodebuild[94923:89096689] [MT] IDELaunchParametersSnapshot: debugger version lookup failed for path '<nil>': noURL
2026-10-03 01:49:01.544 xcodebuild[94923:89096689] [MT] IDELaunchParametersSnapshot: no debugger version
    t =     0.24s         Setting up automation session
    t =     3.85s         Wait for local.bbsettingsreview.minimal to idle
    t =     5.58s Waiting 10.0s for "minimal-host-only" Any to exist
    t =     6.66s     Checking `Expect predicate `existsNoRetry == 1` for object "minimal-host-only" Any`
    t =     6.66s         Checking existence of `"minimal-host-only" Any`
    t =     6.77s Find the Target Application 'local.bbsettingsreview.minimal'
    t =     6.89s Added attachment named 'minimal-host-only'
    t =     6.89s Requesting snapshot of accessibility hierarchy for app with pid 95597
    t =     7.14s Requesting snapshot of accessibility hierarchy for app with pid 95597
    t =     7.18s Added attachment named 'minimal-host-only-accessibility-tree'
    t =     7.95s Terminate local.bbsettingsreview.minimal:95597
    t =     8.96s Tear Down
Test Case '-[MinimalSettingsUITests.MinimalSettingsUITests testHostOnlyDetection]' passed (8.965 seconds).
Test Case '-[MinimalSettingsUITests.MinimalSettingsUITests testStepperOnlyDetection]' started.
    t =     0.00s Start Test at 2026-10-03 01:49:10.484
    t =     0.02s Set Up
    t =     0.02s Open local.bbsettingsreview.minimal
    t =     0.02s     Launch local.bbsettingsreview.minimal
2026-10-03 01:49:10.508 xcodebuild[94923:89096689] [MT] IDELaunchParametersSnapshot: debugger version lookup failed for path '<nil>': noURL
2026-10-03 01:49:10.508 xcodebuild[94923:89096689] [MT] IDELaunchParametersSnapshot: no debugger version
    t =     0.24s         Setting up automation session
    t =     3.29s         Wait for local.bbsettingsreview.minimal to idle
    t =     4.81s Waiting 10.0s for "minimal-stepper-only" Any to exist
    t =     5.89s     Checking `Expect predicate `existsNoRetry == 1` for object "minimal-stepper-only" Any`
    t =     5.89s         Checking existence of `"minimal-stepper-only" Any`
    t =     5.95s Find the Target Application 'local.bbsettingsreview.minimal'
    t =     6.02s Added attachment named 'minimal-stepper-only'
    t =     6.02s Requesting snapshot of accessibility hierarchy for app with pid 96667
    t =     6.14s Requesting snapshot of accessibility hierarchy for app with pid 96667
    t =     6.16s Added attachment named 'minimal-stepper-only-accessibility-tree'
/tmp/bb-settings-minimal-harness/UITests/MinimalSettingsUITests.swift:31: error: -[MinimalSettingsUITests.MinimalSettingsUITests testStepperOnlyDetection] : Potentially inaccessible text
    t =     6.64s Tear Down
Test Case '-[MinimalSettingsUITests.MinimalSettingsUITests testStepperOnlyDetection]' failed (6.881 seconds).
Test Case '-[MinimalSettingsUITests.MinimalSettingsUITests testToggleOnlyDetection]' started.
    t =     0.00s Start Test at 2026-10-03 01:49:17.365
    t =     0.02s Set Up
    t =     0.02s Open local.bbsettingsreview.minimal
    t =     0.02s     Launch local.bbsettingsreview.minimal
    t =     0.02s         Terminate local.bbsettingsreview.minimal:96667
2026-10-03 01:49:18.408 xcodebuild[94923:89096689] [MT] IDELaunchParametersSnapshot: debugger version lookup failed for path '<nil>': noURL
2026-10-03 01:49:18.408 xcodebuild[94923:89096689] [MT] IDELaunchParametersSnapshot: no debugger version
    t =     1.26s         Setting up automation session
    t =     4.01s         Wait for local.bbsettingsreview.minimal to idle
    t =     5.55s Waiting 10.0s for "minimal-toggle-only" Any to exist
    t =     6.62s     Checking `Expect predicate `existsNoRetry == 1` for object "minimal-toggle-only" Any`
    t =     6.62s         Checking existence of `"minimal-toggle-only" Any`
    t =     6.76s Find the Target Application 'local.bbsettingsreview.minimal'
    t =     6.89s Added attachment named 'minimal-toggle-only'
    t =     6.89s Requesting snapshot of accessibility hierarchy for app with pid 97750
    t =     7.21s Requesting snapshot of accessibility hierarchy for app with pid 97750
    t =     7.26s Added attachment named 'minimal-toggle-only-accessibility-tree'
    t =     8.02s Terminate local.bbsettingsreview.minimal:97750
    t =     9.11s Tear Down
Test Case '-[MinimalSettingsUITests.MinimalSettingsUITests testToggleOnlyDetection]' passed (9.123 seconds).
Test Suite 'MinimalSettingsUITests' failed at 2026-10-03 01:49:26.488.
	 Executed 4 tests, with 1 failure (0 unexpected) in 35.732 (35.737) seconds
Test Suite 'MinimalSettingsUITests.xctest' failed at 2026-10-03 01:49:26.489.
	 Executed 4 tests, with 1 failure (0 unexpected) in 35.732 (35.737) seconds
Test Suite 'Selected tests' failed at 2026-10-03 01:49:26.489.
	 Executed 4 tests, with 1 failure (0 unexpected) in 35.732 (35.738) seconds
2026-10-03 01:49:26.847 xcodebuild[94923:89099397]  IDETestOperationsObserverDebug: Failure collecting diagnostics from simulator: Process exited with error 72:
 xcrun: error: unable to find utility "simctl", not a developer tool or in PATH

2026-10-03 01:49:26.858 xcodebuild[94923:89096689] [MT] IDETestOperationsObserverDebug: 48.307 elapsed -- Testing started completed.
2026-10-03 01:49:26.858 xcodebuild[94923:89096689] [MT] IDETestOperationsObserverDebug: 0.000 sec, +0.000 sec -- start
2026-10-03 01:49:26.858 xcodebuild[94923:89096689] [MT] IDETestOperationsObserverDebug: 48.307 sec, +48.307 sec -- end

Test session results, code coverage, and logs:
	/tmp/bb-settings-minimal-isolation.xcresult

Failing tests:
	MinimalSettingsUITests.testStepperOnlyDetection()

** TEST EXECUTE FAILED **

Testing started
