Command line invocation:
    /Applications/Xcode.app/Contents/Developer/usr/bin/xcodebuild test-without-building -xctestrun /tmp/bb-share-derived/Build/Products/SettingsProduct.xctestrun -destination id=DEC62F68-5602-4191-BE4E-638447B485F4 -parallel-testing-enabled NO "-only-testing:BBStudioUITests/ReviewQualityUITests/testSettingsElementDetectionAtDefaultText" "-only-testing:BBStudioUITests/ReviewQualityUITests/testSettingsElementDetectionAtAccessibilityText" -resultBundlePath /tmp/bb-settings-minimal-product.xcresult

Writing result bundle at path:
	/tmp/bb-settings-minimal-product.xcresult

2026-10-03 01:57:37.844284-0400 BBStudioUITests-Runner[28090:89199718] [Default] Running tests...
    t =      nans Interface orientation changed to Portrait
Test Suite 'Selected tests' started at 2026-10-03 01:57:40.660.
Test Suite 'BBStudioUITests.xctest' started at 2026-10-03 01:57:40.660.
Test Suite 'ReviewQualityUITests' started at 2026-10-03 01:57:40.660.
Test Case '-[BBStudioUITests.ReviewQualityUITests testSettingsElementDetectionAtAccessibilityText]' started.
    t =     0.01s Start Test at 2026-10-03 01:57:40.673
    t =     0.11s Set Up
    t =     0.11s Open nyc.plee.bbgo
    t =     0.11s     Launch nyc.plee.bbgo
2026-10-03 01:57:40.815 xcodebuild[28081:89199122] [MT] IDELaunchParametersSnapshot: debugger version lookup failed for path '<nil>': noURL
2026-10-03 01:57:40.815 xcodebuild[28081:89199122] [MT] IDELaunchParametersSnapshot: no debugger version
objc[28090]: Class UIAccessibilityLoaderWebShared is implemented in both /private/var/run/com.apple.security.cryptexd/mnt/com.apple.iPhoneOS.SimulatorRuntime-v24.1.434.0.69EhJr/Library/Developer/CoreSimulator/Profiles/Runtimes/iOS 27.0.simruntime/Contents/Resources/RuntimeRoot/System/Library/AccessibilityBundles/WebKit.axbundle/WebKit (0x1052d0398) and /private/var/run/com.apple.security.cryptexd/mnt/com.apple.iPhoneOS.SimulatorRuntime-v24.1.434.0.69EhJr/Library/Developer/CoreSimulator/Profiles/Runtimes/iOS 27.0.simruntime/Contents/Resources/RuntimeRoot/System/Library/AccessibilityBundles/WebCore.axbundle/WebCore (0x108a70310). This may cause spurious casting failures and mysterious crashes. One of the duplicates must be removed or renamed.
    t =     0.77s         Setting up automation session
    t =     3.19s         Wait for nyc.plee.bbgo to idle
    t =     5.11s Waiting 20.0s for "Settings" Button to exist
    t =     6.19s     Checking `Expect predicate `existsNoRetry == 1` for object "Settings" Button`
    t =     6.19s         Checking existence of `"Settings" Button`
    t =     6.31s Tap "Settings" Button
    t =     6.31s     Wait for nyc.plee.bbgo to idle
    t =     6.31s     Find the "Settings" Button
    t =     6.33s     Check for interrupting elements affecting "Settings" Button
    t =     6.36s     Synthesize event
    t =     6.76s     Wait for nyc.plee.bbgo to idle
    t =     8.62s Waiting 10.0s for "settingsServerURL" Any to exist
    t =     9.70s     Checking `Expect predicate `existsNoRetry == 1` for object "settingsServerURL" Any`
    t =     9.70s         Checking existence of `"settingsServerURL" Any`
    t =     9.74s Find the "settingsServerURL" Any
    t =     9.75s Find the Target Application 'nyc.plee.bbgo'
    t =     9.84s Added attachment named 'settings-detection-accessibility-xxxl'
    t =     9.84s Requesting snapshot of accessibility hierarchy for app with pid 28118
    t =     9.94s Requesting snapshot of accessibility hierarchy for app with pid 28118
    t =     9.96s Added attachment named 'settings-detection-accessibility-xxxl-accessibility-tree'
    t =    10.60s Terminate nyc.plee.bbgo:28118
    t =    11.68s Tear Down
Test Case '-[BBStudioUITests.ReviewQualityUITests testSettingsElementDetectionAtAccessibilityText]' passed (11.728 seconds).
Test Case '-[BBStudioUITests.ReviewQualityUITests testSettingsElementDetectionAtDefaultText]' started.
    t =     0.00s Start Test at 2026-10-03 01:57:52.401
    t =     0.02s Set Up
    t =     0.02s Open nyc.plee.bbgo
    t =     0.02s     Launch nyc.plee.bbgo
2026-10-03 01:57:52.421 xcodebuild[28081:89199122] [MT] IDELaunchParametersSnapshot: debugger version lookup failed for path '<nil>': noURL
2026-10-03 01:57:52.421 xcodebuild[28081:89199122] [MT] IDELaunchParametersSnapshot: no debugger version
    t =     0.23s         Setting up automation session
    t =     2.42s         Wait for nyc.plee.bbgo to idle
    t =     4.25s Waiting 20.0s for "Settings" Button to exist
    t =     5.32s     Checking `Expect predicate `existsNoRetry == 1` for object "Settings" Button`
    t =     5.32s         Checking existence of `"Settings" Button`
    t =     5.43s Tap "Settings" Button
    t =     5.43s     Wait for nyc.plee.bbgo to idle
    t =     5.43s     Find the "Settings" Button
    t =     5.46s     Check for interrupting elements affecting "Settings" Button
    t =     5.49s     Synthesize event
    t =     5.78s     Wait for nyc.plee.bbgo to idle
    t =     7.66s Waiting 10.0s for "settingsServerURL" Any to exist
    t =     8.73s     Checking `Expect predicate `existsNoRetry == 1` for object "settingsServerURL" Any`
    t =     8.73s         Checking existence of `"settingsServerURL" Any`
    t =     8.79s Find the "settingsServerURL" Any
    t =     8.82s Find the Target Application 'nyc.plee.bbgo'
    t =     8.90s Added attachment named 'settings-detection-default'
    t =     8.90s Requesting snapshot of accessibility hierarchy for app with pid 28687
    t =     9.08s Requesting snapshot of accessibility hierarchy for app with pid 28687
    t =     9.11s Added attachment named 'settings-detection-default-accessibility-tree'
    t =     9.55s Terminate nyc.plee.bbgo:28687
    t =    10.63s Tear Down
Test Case '-[BBStudioUITests.ReviewQualityUITests testSettingsElementDetectionAtDefaultText]' passed (10.657 seconds).
Test Suite 'ReviewQualityUITests' passed at 2026-10-03 01:58:03.058.
	 Executed 2 tests, with 0 failures (0 unexpected) in 22.384 (22.398) seconds
Test Suite 'BBStudioUITests.xctest' passed at 2026-10-03 01:58:03.058.
	 Executed 2 tests, with 0 failures (0 unexpected) in 22.384 (22.398) seconds
Test Suite 'Selected tests' passed at 2026-10-03 01:58:03.058.
	 Executed 2 tests, with 0 failures (0 unexpected) in 22.384 (22.399) seconds
2026-10-03 01:58:03.355 xcodebuild[28081:89199122] [MT] IDETestOperationsObserverDebug: 27.335 elapsed -- Testing started completed.
2026-10-03 01:58:03.355 xcodebuild[28081:89199122] [MT] IDETestOperationsObserverDebug: 0.000 sec, +0.000 sec -- start
2026-10-03 01:58:03.356 xcodebuild[28081:89199122] [MT] IDETestOperationsObserverDebug: 27.335 sec, +27.335 sec -- end

Test session results, code coverage, and logs:
	/tmp/bb-settings-minimal-product.xcresult

** TEST EXECUTE SUCCEEDED **

Testing started
