Command line invocation:
    /Applications/Xcode.app/Contents/Developer/usr/bin/xcodebuild test-without-building -xctestrun /tmp/bb-settings-detection-DD/Build/Products/SettingsDetection.xctestrun -destination id=A36475F6-229A-46CB-A11F-FD3090A42951 -parallel-testing-enabled NO "-only-testing:BBStudioUITests/ReviewQualityUITests/testSettingsElementDetectionAtDefaultText" -test-iterations 2 -resultBundlePath /tmp/bb-settings-detection-baseline.xcresult

Running tests repeatedly 2 times.

Writing result bundle at path:
	/tmp/bb-settings-detection-baseline.xcresult

2026-10-03 00:58:50.448832-0400 BBStudioUITests-Runner[99983:88597840] [Default] Running tests...
    t =      nans Interface orientation changed to Portrait
Test Suite 'Selected tests' started at 2026-10-03 00:58:53.217.
Test Suite 'BBStudioUITests.xctest' started at 2026-10-03 00:58:53.217.
Test Suite 'ReviewQualityUITests' started at 2026-10-03 00:58:53.217.
Test Case '-[BBStudioUITests.ReviewQualityUITests testSettingsElementDetectionAtDefaultText]' started (Iteration 1 of 2).
    t =     0.01s Start Test at 2026-10-03 00:58:53.228
    t =     0.10s Set Up
    t =     0.10s Open nyc.plee.bbgo
    t =     0.10s     Launch nyc.plee.bbgo
2026-10-03 00:58:53.353 xcodebuild[99977:88597565] [MT] IDELaunchParametersSnapshot: debugger version lookup failed for path '<nil>': noURL
2026-10-03 00:58:53.353 xcodebuild[99977:88597565] [MT] IDELaunchParametersSnapshot: no debugger version
objc[99983]: Class UIAccessibilityLoaderWebShared is implemented in both /private/var/run/com.apple.security.cryptexd/mnt/com.apple.iPhoneOS.SimulatorRuntime-v24.1.434.0.69EhJr/Library/Developer/CoreSimulator/Profiles/Runtimes/iOS 27.0.simruntime/Contents/Resources/RuntimeRoot/System/Library/AccessibilityBundles/WebKit.axbundle/WebKit (0x10827c398) and /private/var/run/com.apple.security.cryptexd/mnt/com.apple.iPhoneOS.SimulatorRuntime-v24.1.434.0.69EhJr/Library/Developer/CoreSimulator/Profiles/Runtimes/iOS 27.0.simruntime/Contents/Resources/RuntimeRoot/System/Library/AccessibilityBundles/WebCore.axbundle/WebCore (0x108828310). This may cause spurious casting failures and mysterious crashes. One of the duplicates must be removed or renamed.
    t =     0.74s         Setting up automation session
    t =     3.40s         Wait for nyc.plee.bbgo to idle
    t =     5.40s Waiting 20.0s for "Settings" Button to exist
    t =     6.48s     Checking `Expect predicate `existsNoRetry == 1` for object "Settings" Button`
    t =     6.48s         Checking existence of `"Settings" Button`
    t =     6.61s Tap "Settings" Button
    t =     6.61s     Wait for nyc.plee.bbgo to idle
    t =     6.61s     Find the "Settings" Button
    t =     6.64s     Check for interrupting elements affecting "Settings" Button
    t =     6.67s     Synthesize event
    t =     7.06s     Wait for nyc.plee.bbgo to idle
    t =     8.94s Waiting 10.0s for "settingsServerURL" Any to exist
    t =    10.02s     Checking `Expect predicate `existsNoRetry == 1` for object "settingsServerURL" Any`
    t =    10.02s         Checking existence of `"settingsServerURL" Any`
    t =    10.10s Find the "settingsServerURL" Any
    t =    10.12s Find the Target Application 'nyc.plee.bbgo'
    t =    10.22s Added attachment named 'settings-detection-default'
    t =    10.22s Requesting snapshot of accessibility hierarchy for app with pid 741
    t =    10.40s Requesting snapshot of accessibility hierarchy for app with pid 741
    t =    10.43s Added attachment named 'settings-detection-default-accessibility-tree'
/Users/patrick/workingdir/bb-studio/apps/ios/UITests/ReviewQualityUITests.swift:38: error: -[BBStudioUITests.ReviewQualityUITests testSettingsElementDetectionAtDefaultText] : Potentially inaccessible text
    t =    11.37s Tear Down
Test Case '-[BBStudioUITests.ReviewQualityUITests testSettingsElementDetectionAtDefaultText]' failed (11.592 seconds).
Test Case '-[BBStudioUITests.ReviewQualityUITests testSettingsElementDetectionAtDefaultText]' started (Iteration 2 of 2).
    t =     0.00s Start Test at 2026-10-03 00:59:04.821
    t =     0.02s Set Up
    t =     0.02s Open nyc.plee.bbgo
    t =     0.02s     Launch nyc.plee.bbgo
    t =     0.02s         Terminate nyc.plee.bbgo:741
2026-10-03 00:59:05.924 xcodebuild[99977:88597565] [MT] IDELaunchParametersSnapshot: debugger version lookup failed for path '<nil>': noURL
2026-10-03 00:59:05.924 xcodebuild[99977:88597565] [MT] IDELaunchParametersSnapshot: no debugger version
    t =     1.31s         Setting up automation session
    t =     4.03s         Wait for nyc.plee.bbgo to idle
    t =     5.87s Waiting 20.0s for "Settings" Button to exist
    t =     6.95s     Checking `Expect predicate `existsNoRetry == 1` for object "Settings" Button`
    t =     6.95s         Checking existence of `"Settings" Button`
    t =     7.06s Tap "Settings" Button
    t =     7.06s     Wait for nyc.plee.bbgo to idle
    t =     7.07s     Find the "Settings" Button
    t =     7.10s     Check for interrupting elements affecting "Settings" Button
    t =     7.12s     Synthesize event
    t =     7.41s     Wait for nyc.plee.bbgo to idle
    t =     9.27s Waiting 10.0s for "settingsServerURL" Any to exist
    t =    10.35s     Checking `Expect predicate `existsNoRetry == 1` for object "settingsServerURL" Any`
    t =    10.35s         Checking existence of `"settingsServerURL" Any`
    t =    10.43s Find the "settingsServerURL" Any
    t =    10.46s Find the Target Application 'nyc.plee.bbgo'
    t =    10.54s Added attachment named 'settings-detection-default'
    t =    10.54s Requesting snapshot of accessibility hierarchy for app with pid 3138
    t =    10.72s Requesting snapshot of accessibility hierarchy for app with pid 3138
    t =    10.75s Added attachment named 'settings-detection-default-accessibility-tree'
/Users/patrick/workingdir/bb-studio/apps/ios/UITests/ReviewQualityUITests.swift:38: error: -[BBStudioUITests.ReviewQualityUITests testSettingsElementDetectionAtDefaultText] : Potentially inaccessible text
    t =    11.20s Tear Down
Test Case '-[BBStudioUITests.ReviewQualityUITests testSettingsElementDetectionAtDefaultText]' failed (11.446 seconds).
Test Suite 'ReviewQualityUITests' failed at 2026-10-03 00:59:16.267.
	 Executed 2 tests, with 2 failures (0 unexpected) in 23.038 (23.050) seconds
Test Suite 'BBStudioUITests.xctest' failed at 2026-10-03 00:59:16.267.
	 Executed 2 tests, with 2 failures (0 unexpected) in 23.038 (23.050) seconds
Test Suite 'Selected tests' failed at 2026-10-03 00:59:16.268.
	 Executed 2 tests, with 2 failures (0 unexpected) in 23.038 (23.051) seconds
2026-10-03 00:59:16.592 xcodebuild[99977:88597614]  IDETestOperationsObserverDebug: Failure collecting diagnostics from simulator: Process exited with error 72:
 xcrun: error: unable to find utility "simctl", not a developer tool or in PATH

2026-10-03 00:59:16.598 xcodebuild[99977:88597565] [MT] IDETestOperationsObserverDebug: 27.907 elapsed -- Testing started completed.
2026-10-03 00:59:16.598 xcodebuild[99977:88597565] [MT] IDETestOperationsObserverDebug: 0.000 sec, +0.000 sec -- start
2026-10-03 00:59:16.598 xcodebuild[99977:88597565] [MT] IDETestOperationsObserverDebug: 27.907 sec, +27.907 sec -- end

Test session results, code coverage, and logs:
	/tmp/bb-settings-detection-baseline.xcresult

Failing tests:
	ReviewQualityUITests.testSettingsElementDetectionAtDefaultText()

** TEST EXECUTE FAILED **

Testing started
