Command line invocation:
    /Applications/Xcode.app/Contents/Developer/usr/bin/xcodebuild test-without-building -xctestrun /tmp/bb-settings-detection-DD/Build/Products/SettingsDetection.xctestrun -destination id=A36475F6-229A-46CB-A11F-FD3090A42951 -parallel-testing-enabled NO "-only-testing:BBStudioUITests/ReviewQualityUITests/testSettingsDetectionAtScrollPositions" -resultBundlePath /tmp/bb-settings-detection-positions.xcresult

Writing result bundle at path:
	/tmp/bb-settings-detection-positions.xcresult

2026-10-03 01:01:42.545264-0400 BBStudioUITests-Runner[12448:88626661] [Default] Running tests...
    t =      nans Interface orientation changed to Portrait
Test Suite 'Selected tests' started at 2026-10-03 01:01:45.183.
Test Suite 'BBStudioUITests.xctest' started at 2026-10-03 01:01:45.184.
Test Suite 'ReviewQualityUITests' started at 2026-10-03 01:01:45.184.
Test Case '-[BBStudioUITests.ReviewQualityUITests testSettingsDetectionAtScrollPositions]' started.
    t =     0.00s Start Test at 2026-10-03 01:01:45.186
    t =     0.02s Set Up
    t =     0.02s Open nyc.plee.bbgo
    t =     0.02s     Launch nyc.plee.bbgo
2026-10-03 01:01:45.246 xcodebuild[12443:88626264] [MT] IDELaunchParametersSnapshot: debugger version lookup failed for path '<nil>': noURL
2026-10-03 01:01:45.246 xcodebuild[12443:88626264] [MT] IDELaunchParametersSnapshot: no debugger version
    t =     0.69s         Setting up automation session
objc[12448]: Class UIAccessibilityLoaderWebShared is implemented in both /private/var/run/com.apple.security.cryptexd/mnt/com.apple.iPhoneOS.SimulatorRuntime-v24.1.434.0.69EhJr/Library/Developer/CoreSimulator/Profiles/Runtimes/iOS 27.0.simruntime/Contents/Resources/RuntimeRoot/System/Library/AccessibilityBundles/WebKit.axbundle/WebKit (0x105fbc398) and /private/var/run/com.apple.security.cryptexd/mnt/com.apple.iPhoneOS.SimulatorRuntime-v24.1.434.0.69EhJr/Library/Developer/CoreSimulator/Profiles/Runtimes/iOS 27.0.simruntime/Contents/Resources/RuntimeRoot/System/Library/AccessibilityBundles/WebCore.axbundle/WebCore (0x106624310). This may cause spurious casting failures and mysterious crashes. One of the duplicates must be removed or renamed.
    t =     3.25s         Wait for nyc.plee.bbgo to idle
    t =     5.21s Waiting 20.0s for "Settings" Button to exist
    t =     6.29s     Checking `Expect predicate `existsNoRetry == 1` for object "Settings" Button`
    t =     6.29s         Checking existence of `"Settings" Button`
    t =     6.41s Tap "Settings" Button
    t =     6.41s     Wait for nyc.plee.bbgo to idle
    t =     6.41s     Find the "Settings" Button
    t =     6.44s     Check for interrupting elements affecting "Settings" Button
    t =     6.47s     Synthesize event
    t =     6.77s     Wait for nyc.plee.bbgo to idle
    t =     8.64s Waiting 10.0s for "settingsServerURL" Any to exist
    t =     9.72s     Checking `Expect predicate `existsNoRetry == 1` for object "settingsServerURL" Any`
    t =     9.72s         Checking existence of `"settingsServerURL" Any`
    t =     9.78s Find the "settingsServerURL" Any
    t =     9.81s Find the Target Application 'nyc.plee.bbgo'
    t =     9.89s Added attachment named 'settings-detection-position-0'
    t =     9.89s Requesting snapshot of accessibility hierarchy for app with pid 12772
    t =    10.12s Requesting snapshot of accessibility hierarchy for app with pid 12772
    t =    10.15s Added attachment named 'settings-detection-position-0-accessibility-tree'
QUALITY: settings-detection-position-0: XCUIAccessibilityAuditType(rawValue: 2) Potentially inaccessible text; This element appears to display text that should be represented using the accessibility API. [unknown element]
    t =    10.66s Press Target Application 'nyc.plee.bbgo'[0.50, 0.74] for 0.1 seconds, then drag to Target Application 'nyc.plee.bbgo'[0.50, 0.58] with velocity of 500.00 pixels per second, and then hold for 0.0 seconds 
    t =    10.66s     Wait for nyc.plee.bbgo to idle
    t =    10.66s     Find the Target Application 'nyc.plee.bbgo'
    t =    10.68s     Check for interrupting elements affecting "BB Studio" Application
    t =    10.71s     Synthesize event
    t =    10.71s         Find the Target Application 'nyc.plee.bbgo'
    t =    10.73s         Find the Target Application 'nyc.plee.bbgo'
    t =    10.75s         Find the Target Application 'nyc.plee.bbgo'
    t =    10.76s         Find the Target Application 'nyc.plee.bbgo'
    t =    10.78s         Find the Target Application 'nyc.plee.bbgo'
    t =    11.37s     Wait for nyc.plee.bbgo to idle
    t =    13.04s Find the Target Application 'nyc.plee.bbgo'
    t =    13.13s Added attachment named 'settings-detection-position-1'
    t =    13.13s Requesting snapshot of accessibility hierarchy for app with pid 12772
    t =    13.34s Requesting snapshot of accessibility hierarchy for app with pid 12772
    t =    13.38s Added attachment named 'settings-detection-position-1-accessibility-tree'
QUALITY: settings-detection-position-1: XCUIAccessibilityAuditType(rawValue: 2) Potentially inaccessible text; This element appears to display text that should be represented using the accessibility API. [unknown element]
    t =    14.01s Press Target Application 'nyc.plee.bbgo'[0.50, 0.74] for 0.1 seconds, then drag to Target Application 'nyc.plee.bbgo'[0.50, 0.58] with velocity of 500.00 pixels per second, and then hold for 0.0 seconds 
    t =    14.01s     Wait for nyc.plee.bbgo to idle
    t =    14.01s     Find the Target Application 'nyc.plee.bbgo'
    t =    14.03s     Check for interrupting elements affecting "BB Studio" Application
    t =    14.05s     Synthesize event
    t =    14.06s         Find the Target Application 'nyc.plee.bbgo'
    t =    14.08s         Find the Target Application 'nyc.plee.bbgo'
    t =    14.10s         Find the Target Application 'nyc.plee.bbgo'
    t =    14.11s         Find the Target Application 'nyc.plee.bbgo'
    t =    14.14s         Find the Target Application 'nyc.plee.bbgo'
    t =    14.72s     Wait for nyc.plee.bbgo to idle
    t =    15.35s Find the Target Application 'nyc.plee.bbgo'
    t =    15.44s Added attachment named 'settings-detection-position-2'
    t =    15.45s Requesting snapshot of accessibility hierarchy for app with pid 12772
    t =    15.63s Requesting snapshot of accessibility hierarchy for app with pid 12772
    t =    15.67s Added attachment named 'settings-detection-position-2-accessibility-tree'
    t =    16.09s Press Target Application 'nyc.plee.bbgo'[0.50, 0.74] for 0.1 seconds, then drag to Target Application 'nyc.plee.bbgo'[0.50, 0.58] with velocity of 500.00 pixels per second, and then hold for 0.0 seconds 
    t =    16.09s     Wait for nyc.plee.bbgo to idle
    t =    16.09s     Find the Target Application 'nyc.plee.bbgo'
    t =    16.11s     Check for interrupting elements affecting "BB Studio" Application
    t =    16.13s     Synthesize event
    t =    16.14s         Find the Target Application 'nyc.plee.bbgo'
    t =    16.15s         Find the Target Application 'nyc.plee.bbgo'
    t =    16.17s         Find the Target Application 'nyc.plee.bbgo'
    t =    16.19s         Find the Target Application 'nyc.plee.bbgo'
    t =    16.20s         Find the Target Application 'nyc.plee.bbgo'
    t =    16.79s     Wait for nyc.plee.bbgo to idle
    t =    17.39s Find the Target Application 'nyc.plee.bbgo'
    t =    17.48s Added attachment named 'settings-detection-position-3'
    t =    17.48s Requesting snapshot of accessibility hierarchy for app with pid 12772
    t =    17.65s Requesting snapshot of accessibility hierarchy for app with pid 12772
    t =    17.68s Added attachment named 'settings-detection-position-3-accessibility-tree'
    t =    18.10s Press Target Application 'nyc.plee.bbgo'[0.50, 0.74] for 0.1 seconds, then drag to Target Application 'nyc.plee.bbgo'[0.50, 0.58] with velocity of 500.00 pixels per second, and then hold for 0.0 seconds 
    t =    18.10s     Wait for nyc.plee.bbgo to idle
    t =    18.11s     Find the Target Application 'nyc.plee.bbgo'
    t =    18.12s     Check for interrupting elements affecting "BB Studio" Application
    t =    18.15s     Synthesize event
    t =    18.15s         Find the Target Application 'nyc.plee.bbgo'
    t =    18.17s         Find the Target Application 'nyc.plee.bbgo'
    t =    18.18s         Find the Target Application 'nyc.plee.bbgo'
    t =    18.20s         Find the Target Application 'nyc.plee.bbgo'
    t =    18.22s         Find the Target Application 'nyc.plee.bbgo'
    t =    18.81s     Wait for nyc.plee.bbgo to idle
    t =    19.40s Find the Target Application 'nyc.plee.bbgo'
    t =    19.50s Added attachment named 'settings-detection-position-4'
    t =    19.50s Requesting snapshot of accessibility hierarchy for app with pid 12772
    t =    19.66s Requesting snapshot of accessibility hierarchy for app with pid 12772
    t =    19.69s Added attachment named 'settings-detection-position-4-accessibility-tree'
/Users/patrick/workingdir/bb-studio/apps/ios/UITests/ReviewQualityUITests.swift:75: error: -[BBStudioUITests.ReviewQualityUITests testSettingsDetectionAtScrollPositions] : XCTAssertTrue failed - settings-detection-position-0: XCUIAccessibilityAuditType(rawValue: 2) Potentially inaccessible text; This element appears to display text that should be represented using the accessibility API. [unknown element]
settings-detection-position-1: XCUIAccessibilityAuditType(rawValue: 2) Potentially inaccessible text; This element appears to display text that should be represented using the accessibility API. [unknown element]
    t =    20.17s Tear Down
Test Case '-[BBStudioUITests.ReviewQualityUITests testSettingsDetectionAtScrollPositions]' failed (20.414 seconds).
Test Suite 'ReviewQualityUITests' failed at 2026-10-03 01:02:05.601.
	 Executed 1 test, with 1 failure (0 unexpected) in 20.414 (20.417) seconds
Test Suite 'BBStudioUITests.xctest' failed at 2026-10-03 01:02:05.601.
	 Executed 1 test, with 1 failure (0 unexpected) in 20.414 (20.417) seconds
Test Suite 'Selected tests' failed at 2026-10-03 01:02:05.602.
	 Executed 1 test, with 1 failure (0 unexpected) in 20.414 (20.418) seconds
2026-10-03 01:02:05.905 xcodebuild[12443:88631388]  IDETestOperationsObserverDebug: Failure collecting diagnostics from simulator: Process exited with error 72:
 xcrun: error: unable to find utility "simctl", not a developer tool or in PATH

2026-10-03 01:02:05.910 xcodebuild[12443:88626264] [MT] IDETestOperationsObserverDebug: 24.702 elapsed -- Testing started completed.
2026-10-03 01:02:05.910 xcodebuild[12443:88626264] [MT] IDETestOperationsObserverDebug: 0.000 sec, +0.000 sec -- start
2026-10-03 01:02:05.910 xcodebuild[12443:88626264] [MT] IDETestOperationsObserverDebug: 24.702 sec, +24.702 sec -- end

Test session results, code coverage, and logs:
	/tmp/bb-settings-detection-positions.xcresult

Failing tests:
	ReviewQualityUITests.testSettingsDetectionAtScrollPositions()

** TEST EXECUTE FAILED **

Testing started
