Command line invocation:
    /Applications/Xcode.app/Contents/Developer/usr/bin/xcodebuild test-without-building -xctestrun /tmp/bb-share-derived/Build/Products/SettingsVisibility.xctestrun -destination "platform=iOS Simulator,id=901FF4CB-B83C-4E8C-A889-6449C134ED45" "-only-testing:BBStudioUITests/SettingsVisibilityUITests/testDefaultLandscape" "-only-testing:BBStudioUITests/SettingsVisibilityUITests/testXXXLLandscape" -parallel-testing-enabled NO -resultBundlePath /tmp/bb-settings-visibility-ipad-screen.xcresult

Writing result bundle at path:
	/tmp/bb-settings-visibility-ipad-screen.xcresult

2026-10-03 02:40:55.966875-0400 BBStudioUITests-Runner[99656:89623347] [Default] Running tests...
2026-10-03 02:40:56.000941-0400 BBStudioUITests-Runner[99656:89623347] [UIKit App Config] Update the Info.plist: Launch screens will soon be required.
    t =      nans Interface orientation changed to Portrait
Test Suite 'Selected tests' started at 2026-10-03 02:40:58.770.
Test Suite 'BBStudioUITests.xctest' started at 2026-10-03 02:40:58.771.
Test Suite 'SettingsVisibilityUITests' started at 2026-10-03 02:40:58.771.
Test Case '-[BBStudioUITests.SettingsVisibilityUITests testDefaultLandscape]' started.
    t =     0.00s Start Test at 2026-10-03 02:40:58.772
    t =     0.02s Set Up
    t =     0.02s Setting device orientation to Landscape Left
    t =     0.02s     Device orientation changed to Landscape Left
    t =     0.03s     Interface orientation changed to Landscape Right
    t =     0.06s     Wait for com.apple.springboard to idle
    t =     0.49s Open nyc.plee.bbgo
    t =     0.49s     Launch nyc.plee.bbgo
2026-10-03 02:40:59.300 xcodebuild[99651:89623054] [MT] IDELaunchParametersSnapshot: debugger version lookup failed for path '<nil>': noURL
2026-10-03 02:40:59.300 xcodebuild[99651:89623054] [MT] IDELaunchParametersSnapshot: no debugger version
objc[99656]: Class UIAccessibilityLoaderWebShared is implemented in both /private/var/run/com.apple.security.cryptexd/mnt/com.apple.iPhoneOS.SimulatorRuntime-v24.1.434.0.69EhJr/Library/Developer/CoreSimulator/Profiles/Runtimes/iOS 27.0.simruntime/Contents/Resources/RuntimeRoot/System/Library/AccessibilityBundles/WebKit.axbundle/WebKit (0x103fbc398) and /private/var/run/com.apple.security.cryptexd/mnt/com.apple.iPhoneOS.SimulatorRuntime-v24.1.434.0.69EhJr/Library/Developer/CoreSimulator/Profiles/Runtimes/iOS 27.0.simruntime/Contents/Resources/RuntimeRoot/System/Library/AccessibilityBundles/WebCore.axbundle/WebCore (0x104eb0310). This may cause spurious casting failures and mysterious crashes. One of the duplicates must be removed or renamed.
    t =     3.21s         Setting up automation session
    t =     5.08s         Wait for nyc.plee.bbgo to idle
    t =     7.04s Waiting 20.0s for Any (First Match) to exist
    t =     8.11s     Checking `Expect predicate `existsNoRetry == 1` for object Any (First Match)`
    t =     8.11s         Checking existence of `Any (First Match)`
    t =     8.16s Find the Any (First Match)
    t =     8.20s Tap "gear" Cell
    t =     8.20s     Wait for nyc.plee.bbgo to idle
    t =     8.20s     Find the "gear" Cell
    t =     8.22s     Check for interrupting elements affecting "gear" Cell
    t =     8.29s         Wait for com.apple.springboard to idle
    t =     8.30s Ignoring failure to get hierarchy for remote element in process 90943 (Error getting main window kAXErrorServerNotFound)
    t =     8.30s Ignoring failure to get hierarchy for remote element in process 90943 (Error getting main window kAXErrorServerNotFound)
    t =     8.31s     Synthesize event
    t =     8.60s     Wait for nyc.plee.bbgo to idle
    t =     8.66s Waiting 10.0s for "settingsServerURL" Any to exist
    t =     9.74s     Checking `Expect predicate `existsNoRetry == 1` for object "settingsServerURL" Any`
    t =     9.74s         Checking existence of `"settingsServerURL" Any`
    t =     9.83s Find the "settingsServerURL" Any
    t =     9.86s Find the Window (First Match)
    t =     9.86s Checking existence of `TabBar (First Match)`
    t =     9.94s Find the "Settings" NavigationBar
    t =     9.97s Checking existence of `StaticText (First Match)`
    t =    10.04s Find the StaticText (First Match)
    t =    10.11s Checking existence of `"Configured limit, Automatic" StaticText`
    t =    10.18s Find the "Configured limit, Automatic" StaticText
    t =    10.34s Added attachment named 'settings-default-landscape-first-reachable'
    t =    10.34s Requesting snapshot of accessibility hierarchy for app with pid 99702
    t =    10.52s Requesting snapshot of accessibility hierarchy for app with pid 99702
    t =    10.56s Added attachment named 'settings-default-landscape-first-reachable-tree'
    t =    10.56s Find the "Configured limit, Automatic" StaticText
    t =    10.63s Find the "Configured limit, Automatic" StaticText
    t =    10.71s Find the "Configured limit, Automatic" StaticText
    t =    10.78s Find the "Configured limit, Automatic" StaticText
    t =    10.85s Find the "Configured limit, Automatic" StaticText
    t =    10.92s Find the "Configured limit, Automatic" StaticText
    t =    10.99s Find the Window (First Match)
    t =    10.99s Find the Window (First Match)
    t =    11.00s Checking existence of `TabBar (First Match)`
    t =    11.07s Added attachment named 'settings-default-landscape-first-reachable-bounds'
VISIBILITY settings-default-landscape-first-reachable {"hittable":true,"label":"Configured limit, Automatic","ordinaryScrolls":0,"row":[300,457,890,52],"tabBar":[],"visibleBottom":792,"visibleTop":146,"window":[1210,834]}
    t =    11.07s Find the "Configured limit, Automatic" StaticText
    t =    11.15s Find the "Configured limit, Automatic" StaticText
    t =    11.29s Added attachment named 'settings-default-landscape-fully-visible'
    t =    11.29s Requesting snapshot of accessibility hierarchy for app with pid 99702
    t =    11.50s Requesting snapshot of accessibility hierarchy for app with pid 99702
    t =    11.54s Added attachment named 'settings-default-landscape-fully-visible-tree'
    t =    11.54s Find the "Configured limit, Automatic" StaticText
    t =    11.61s Find the "Configured limit, Automatic" StaticText
    t =    11.69s Find the "Configured limit, Automatic" StaticText
    t =    11.76s Find the "Configured limit, Automatic" StaticText
    t =    11.83s Find the "Configured limit, Automatic" StaticText
    t =    11.91s Find the "Configured limit, Automatic" StaticText
    t =    11.99s Find the Window (First Match)
    t =    11.99s Find the Window (First Match)
    t =    12.00s Checking existence of `TabBar (First Match)`
    t =    12.07s Added attachment named 'settings-default-landscape-fully-visible-bounds'
VISIBILITY settings-default-landscape-fully-visible {"hittable":true,"label":"Configured limit, Automatic","ordinaryScrolls":0,"row":[300,457,890,52],"tabBar":[],"visibleBottom":792,"visibleTop":146,"window":[1210,834]}
    t =    12.08s Find the "Configured limit, Automatic" StaticText
    t =    12.15s Find the "Configured limit, Automatic" StaticText
    t =    12.22s Find the "Configured limit, Automatic" StaticText
    t =    12.29s Find the "Configured limit, Automatic" StaticText
    t =    12.36s Find the "Configured limit, Automatic" StaticText
    t =    12.43s Find the "Configured limit, Automatic" StaticText
    t =    12.50s Find the "Configured limit, Automatic" StaticText
    t =    12.57s Terminate nyc.plee.bbgo:99702
    t =    13.65s Setting device orientation to Portrait
    t =    13.66s     Device orientation changed to Portrait
    t =    13.67s     Interface orientation changed to Portrait
    t =    13.70s     Wait for com.apple.springboard to idle
    t =    13.70s Tear Down
Test Case '-[BBStudioUITests.SettingsVisibilityUITests testDefaultLandscape]' passed (13.728 seconds).
Test Case '-[BBStudioUITests.SettingsVisibilityUITests testXXXLLandscape]' started.
    t =     0.00s Start Test at 2026-10-03 02:41:12.501
    t =     0.01s Set Up
    t =     0.01s Setting device orientation to Landscape Left
    t =     0.01s     Device orientation changed to Landscape Left
    t =     0.02s     Interface orientation changed to Landscape Right
    t =     0.03s     Wait for com.apple.springboard to idle
    t =     0.39s Open nyc.plee.bbgo
    t =     0.40s     Launch nyc.plee.bbgo
2026-10-03 02:41:12.896 xcodebuild[99651:89623054] [MT] IDELaunchParametersSnapshot: debugger version lookup failed for path '<nil>': noURL
2026-10-03 02:41:12.896 xcodebuild[99651:89623054] [MT] IDELaunchParametersSnapshot: no debugger version
    t =     0.61s         Setting up automation session
    t =     2.56s         Wait for nyc.plee.bbgo to idle
    t =     4.45s Waiting 20.0s for Any (First Match) to exist
    t =     5.51s     Checking `Expect predicate `existsNoRetry == 1` for object Any (First Match)`
    t =     5.52s         Checking existence of `Any (First Match)`
    t =     5.56s Find the Any (First Match)
    t =     5.59s Tap "gear" Cell
    t =     5.59s     Wait for nyc.plee.bbgo to idle
    t =     5.59s     Find the "gear" Cell
    t =     5.61s     Check for interrupting elements affecting "gear" Cell
    t =     5.68s         Wait for com.apple.springboard to idle
    t =     5.69s Ignoring failure to get hierarchy for remote element in process 90943 (Error getting main window kAXErrorServerNotFound)
    t =     5.69s Ignoring failure to get hierarchy for remote element in process 90943 (Error getting main window kAXErrorServerNotFound)
    t =     5.71s     Synthesize event
    t =     5.99s     Wait for nyc.plee.bbgo to idle
    t =     6.02s Waiting 10.0s for "settingsServerURL" Any to exist
    t =     7.09s     Checking `Expect predicate `existsNoRetry == 1` for object "settingsServerURL" Any`
    t =     7.09s         Checking existence of `"settingsServerURL" Any`
    t =     7.15s Find the "settingsServerURL" Any
    t =     7.18s Find the Window (First Match)
    t =     7.18s Checking existence of `TabBar (First Match)`
    t =     7.25s Find the "Settings" NavigationBar
    t =     7.27s Checking existence of `StaticText (First Match)`
    t =     7.33s Find the StaticText (First Match)
    t =     7.40s Checking existence of `"Configured limit, Automatic" StaticText`
    t =     7.47s Find the "Configured limit, Automatic" StaticText
    t =     7.62s Added attachment named 'settings-xxxl-landscape-first-reachable'
    t =     7.62s Requesting snapshot of accessibility hierarchy for app with pid 99794
    t =     7.79s Requesting snapshot of accessibility hierarchy for app with pid 99794
    t =     7.82s Added attachment named 'settings-xxxl-landscape-first-reachable-tree'
    t =     7.82s Find the "Configured limit, Automatic" StaticText
    t =     7.89s Find the "Configured limit, Automatic" StaticText
    t =     7.98s Find the "Configured limit, Automatic" StaticText
    t =     8.05s Find the "Configured limit, Automatic" StaticText
    t =     8.12s Find the "Configured limit, Automatic" StaticText
    t =     8.20s Find the "Configured limit, Automatic" StaticText
    t =     8.26s Find the Window (First Match)
    t =     8.27s Find the Window (First Match)
    t =     8.27s Checking existence of `TabBar (First Match)`
    t =     8.34s Added attachment named 'settings-xxxl-landscape-first-reachable-bounds'
VISIBILITY settings-xxxl-landscape-first-reachable {"hittable":true,"label":"Configured limit, Automatic","ordinaryScrolls":0,"row":[300,817.5,890,93.5],"tabBar":[],"visibleBottom":792,"visibleTop":167,"window":[1210,834]}
    t =     8.34s Find the "Configured limit, Automatic" StaticText
    t =     8.41s Find the "Configured limit, Automatic" StaticText
    t =     8.48s Find the "Configured limit, Automatic" StaticText
    t =     8.55s Press Target Application 'nyc.plee.bbgo'[0.50, 0.62] for 0.1 seconds, then drag to Target Application 'nyc.plee.bbgo'[0.50, 0.50] with velocity of 500.00 pixels per second, and then hold for 0.0 seconds 
    t =     8.55s     Wait for nyc.plee.bbgo to idle
    t =     8.55s     Find the Target Application 'nyc.plee.bbgo'
    t =     8.57s     Check for interrupting elements affecting "BB Studio" Application
    t =     8.59s         Wait for com.apple.springboard to idle
    t =     8.60s Ignoring failure to get hierarchy for remote element in process 90943 (Error getting main window kAXErrorServerNotFound)
    t =     8.60s Ignoring failure to get hierarchy for remote element in process 90943 (Error getting main window kAXErrorServerNotFound)
    t =     8.61s     Synthesize event
    t =     8.61s         Find the Target Application 'nyc.plee.bbgo'
    t =     8.62s         Find the Target Application 'nyc.plee.bbgo'
    t =     8.64s         Find the Target Application 'nyc.plee.bbgo'
    t =     8.66s         Find the Target Application 'nyc.plee.bbgo'
    t =     8.68s         Find the Target Application 'nyc.plee.bbgo'
    t =     9.20s     Wait for nyc.plee.bbgo to idle
    t =    10.89s Find the "Configured limit, Automatic" StaticText
    t =    10.96s Find the "Configured limit, Automatic" StaticText
    t =    11.12s Added attachment named 'settings-xxxl-landscape-fully-visible'
    t =    11.12s Requesting snapshot of accessibility hierarchy for app with pid 99794
    t =    11.27s Requesting snapshot of accessibility hierarchy for app with pid 99794
    t =    11.31s Added attachment named 'settings-xxxl-landscape-fully-visible-tree'
    t =    11.31s Find the "Configured limit, Automatic" StaticText
    t =    11.37s Find the "Configured limit, Automatic" StaticText
    t =    11.44s Find the "Configured limit, Automatic" StaticText
    t =    11.51s Find the "Configured limit, Automatic" StaticText
    t =    11.57s Find the "Configured limit, Automatic" StaticText
    t =    11.64s Find the "Configured limit, Automatic" StaticText
    t =    11.70s Find the Window (First Match)
    t =    11.71s Find the Window (First Match)
    t =    11.71s Checking existence of `TabBar (First Match)`
    t =    11.78s Added attachment named 'settings-xxxl-landscape-fully-visible-bounds'
VISIBILITY settings-xxxl-landscape-fully-visible {"hittable":true,"label":"Configured limit, Automatic","ordinaryScrolls":1,"row":[300,525,890,93.5],"tabBar":[],"visibleBottom":792,"visibleTop":167,"window":[1210,834]}
    t =    11.78s Find the "Configured limit, Automatic" StaticText
    t =    11.85s Find the "Configured limit, Automatic" StaticText
    t =    11.92s Find the "Configured limit, Automatic" StaticText
    t =    11.98s Find the "Configured limit, Automatic" StaticText
    t =    12.05s Find the "Configured limit, Automatic" StaticText
    t =    12.12s Find the "Configured limit, Automatic" StaticText
    t =    12.19s Find the "Configured limit, Automatic" StaticText
    t =    12.25s Terminate nyc.plee.bbgo:99794
    t =    13.34s Setting device orientation to Portrait
    t =    13.34s     Device orientation changed to Portrait
    t =    13.35s     Interface orientation changed to Portrait
    t =    13.38s     Wait for com.apple.springboard to idle
    t =    13.38s Tear Down
Test Case '-[BBStudioUITests.SettingsVisibilityUITests testXXXLLandscape]' passed (13.407 seconds).
Test Suite 'SettingsVisibilityUITests' passed at 2026-10-03 02:41:25.908.
	 Executed 2 tests, with 0 failures (0 unexpected) in 27.135 (27.137) seconds
Test Suite 'BBStudioUITests.xctest' passed at 2026-10-03 02:41:25.908.
	 Executed 2 tests, with 0 failures (0 unexpected) in 27.135 (27.138) seconds
Test Suite 'Selected tests' passed at 2026-10-03 02:41:25.909.
	 Executed 2 tests, with 0 failures (0 unexpected) in 27.135 (27.138) seconds
2026-10-03 02:41:26.243 xcodebuild[99651:89623054] [MT] IDETestOperationsObserverDebug: 31.807 elapsed -- Testing started completed.
2026-10-03 02:41:26.243 xcodebuild[99651:89623054] [MT] IDETestOperationsObserverDebug: 0.000 sec, +0.000 sec -- start
2026-10-03 02:41:26.243 xcodebuild[99651:89623054] [MT] IDETestOperationsObserverDebug: 31.810 sec, +31.810 sec -- end

Test session results, code coverage, and logs:
	/tmp/bb-settings-visibility-ipad-screen.xcresult

** TEST EXECUTE SUCCEEDED **

Testing started
