Command line invocation:
    /Applications/Xcode.app/Contents/Developer/usr/bin/xcodebuild -project /var/folders/cv/q6nc4gqx0kddgybjp7s817zr0000gn/T/bb-note-visibility-oh2rh3yc/ios/BBStudio.xcodeproj -scheme BBStudio -configuration Debug -destination "platform=iOS Simulator,id=7BEDCB6D-3CAF-4C4B-A95F-AA3C208FA42E" -derivedDataPath /var/folders/cv/q6nc4gqx0kddgybjp7s817zr0000gn/T/bb-note-visibility-oh2rh3yc/derived test-without-building "-only-testing:BBStudioUITests/NoteVisibilityUITests" -parallel-testing-enabled NO -resultBundlePath /var/folders/cv/q6nc4gqx0kddgybjp7s817zr0000gn/T/bb-note-visibility-oh2rh3yc/exact.xcresult

Resolve Package Graph


Resolved source packages:
  swift-argument-parser: https://github.com/apple/swift-argument-parser @ 1.8.2
  SwiftTerm: https://github.com/migueldeicaza/SwiftTerm @ 1.11.2

Writing result bundle at path:
	/var/folders/cv/q6nc4gqx0kddgybjp7s817zr0000gn/T/bb-note-visibility-oh2rh3yc/exact.xcresult

2026-10-03 02:40:20.077819-0400 BBStudioUITests-Runner[96309:89615485] [Default] Running tests...
objc[96309]: Class UIAccessibilityLoaderWebShared is implemented in both /private/var/run/com.apple.security.cryptexd/mnt/com.apple.iPhoneOS.SimulatorRuntime-v24.1.434.0.69EhJr/Library/Developer/CoreSimulator/Profiles/Runtimes/iOS 27.0.simruntime/Contents/Resources/RuntimeRoot/System/Library/AccessibilityBundles/WebKit.axbundle/WebKit (0x10600c398) and /private/var/run/com.apple.security.cryptexd/mnt/com.apple.iPhoneOS.SimulatorRuntime-v24.1.434.0.69EhJr/Library/Developer/CoreSimulator/Profiles/Runtimes/iOS 27.0.simruntime/Contents/Resources/RuntimeRoot/System/Library/AccessibilityBundles/WebCore.axbundle/WebCore (0x106ad8310). This may cause spurious casting failures and mysterious crashes. One of the duplicates must be removed or renamed.
    t =      nans Interface orientation changed to Portrait
Test Suite 'Selected tests' started at 2026-10-03 02:40:27.229.
Test Suite 'BBStudioUITests.xctest' started at 2026-10-03 02:40:27.229.
Test Suite 'NoteVisibilityUITests' started at 2026-10-03 02:40:27.229.
Test Case '-[BBStudioUITests.NoteVisibilityUITests testLongNoteAtAccessibilityXXXL]' started.
    t =     0.03s Start Test at 2026-10-03 02:40:27.258
    t =     0.15s Set Up
    t =     0.16s Open nyc.plee.bbgo
    t =     0.16s     Launch nyc.plee.bbgo
2026-10-03 02:40:27.444 xcodebuild[96234:89614630] [MT] IDELaunchParametersSnapshot: debugger version lookup failed for path '<nil>': noURL
2026-10-03 02:40:27.444 xcodebuild[96234:89614630] [MT] IDELaunchParametersSnapshot: no debugger version
    t =     2.11s         Setting up automation session
    t =     5.95s         Wait for nyc.plee.bbgo to idle
    t =     8.13s Waiting 30.0s for "Settings" Button to exist
    t =     9.20s     Checking `Expect predicate `existsNoRetry == 1` for object "Settings" Button`
    t =     9.20s         Checking existence of `"Settings" Button`
    t =     9.30s Tap "Settings" Button
    t =     9.30s     Wait for nyc.plee.bbgo to idle
    t =     9.30s     Find the "Settings" Button
    t =     9.33s     Check for interrupting elements affecting "Settings" Button
    t =     9.36s     Synthesize event
    t =     9.76s     Wait for nyc.plee.bbgo to idle
    t =    11.54s Waiting 10.0s for "settingsServerURL" Any to exist
    t =    12.61s     Checking `Expect predicate `existsNoRetry == 1` for object "settingsServerURL" Any`
    t =    12.61s         Checking existence of `"settingsServerURL" Any`
    t =    12.65s Find the "settingsServerURL" Any
    t =    12.67s Open nyc.plee.bbgo with URL bbstudio://capture
    t =    12.67s     Launch nyc.plee.bbgo
2026-10-03 02:40:39.904 xcodebuild[96234:89614630] [MT] IDELaunchParametersSnapshot: debugger version lookup failed for path '<nil>': noURL
2026-10-03 02:40:39.904 xcodebuild[96234:89614630] [MT] IDELaunchParametersSnapshot: no debugger version
    t =    12.89s         Setting up automation session
    t =    15.51s         Wait for nyc.plee.bbgo to idle
    t =    17.67s Waiting 10.0s for "Capture to BB" NavigationBar to exist
    t =    18.74s     Checking `Expect predicate `existsNoRetry == 1` for object "Capture to BB" NavigationBar`
    t =    18.74s         Checking existence of `"Capture to BB" NavigationBar`
    t =    18.84s Checking existence of `"capture-note" Button`
    t =    18.87s Find the "capture-note" Button
    t =    18.91s Find the "capture-note" Button
    t =    18.95s Tap "capture-note" Button
    t =    18.95s     Wait for nyc.plee.bbgo to idle
    t =    18.95s     Find the "capture-note" Button
    t =    18.98s     Check for interrupting elements affecting "capture-note" Button
    t =    19.01s     Synthesize event
    t =    19.30s     Wait for nyc.plee.bbgo to idle
    t =    20.04s Waiting 10.0s for "captureNoteText" Any to exist
    t =    21.12s     Checking `Expect predicate `existsNoRetry == 1` for object "captureNoteText" Any`
    t =    21.12s         Checking existence of `"captureNoteText" Any`
    t =    21.19s Tap "captureNoteText" Any
    t =    21.19s     Wait for nyc.plee.bbgo to idle
    t =    21.19s     Find the "captureNoteText" Any
    t =    21.24s     Check for interrupting elements affecting "captureNoteText" TextField
    t =    21.29s     Synthesize event
    t =    21.58s     Wait for nyc.plee.bbgo to idle
    t =    22.57s Type 'Review note visibi...' into "captureNoteText" TextField
    t =    22.57s     Wait for nyc.plee.bbgo to idle
    t =    22.57s     Find the "captureNoteText" TextField
    t =    22.72s     Check for interrupting elements affecting "captureNoteText" TextField
    t =    22.80s     Synthesize event
    t =    25.56s     Wait for nyc.plee.bbgo to idle
    t =    25.57s Find the "captureNoteText" TextField
    t =    25.73s Find the Target Application 'nyc.plee.bbgo'
    t =    25.85s Added attachment named 'note-keyboard-before-scroll'
    t =    25.85s Requesting snapshot of accessibility hierarchy for app with pid 99087
    t =    26.23s Requesting snapshot of accessibility hierarchy for app with pid 99087
    t =    26.30s Added attachment named 'note-keyboard-before-scroll-tree'
    t =    26.30s Checking existence of `Keyboard (First Match)`
    t =    26.31s Find the Keyboard (First Match)
    t =    26.33s Checking existence of `"captureNoteSave" Button`
    t =    26.38s Find the "captureNoteSave" Button
    t =    26.44s Find the "captureNoteSave" Button
    t =    26.49s Find the "captureNoteSave" Button
    t =    26.54s Find the NavigationBar (First Match)
    t =    26.57s Find the "captureNoteSave" Button
    t =    26.62s Find the "captureNoteSave" Button
    t =    26.66s Find the Target Application 'nyc.plee.bbgo'
    t =    26.70s Find the "captureNoteSave" Button
    t =    26.74s Find the Target Application 'nyc.plee.bbgo'
    t =    26.77s Find the Target Application 'nyc.plee.bbgo'
    t =    26.88s Added attachment named 'note-keyboard-after-scroll'
    t =    26.88s Requesting snapshot of accessibility hierarchy for app with pid 99087
    t =    27.23s Requesting snapshot of accessibility hierarchy for app with pid 99087
    t =    27.29s Added attachment named 'note-keyboard-after-scroll-tree'
    t =    27.29s Find the "captureNoteSave" Button
    t =    27.35s Find the Keyboard (First Match)
    t =    27.37s Find the NavigationBar (First Match)
    t =    27.40s Find the "captureNoteSave" Button
NOTE_VISIBILITY: save=(16.0, 448.0, 370.0, 93.33333333333326) keyboard=(0.0, 590.0, 402.0, 226.0) nav=(0.0, 78.0, 402.0, 54.0) hittable=true
    t =    27.45s Checking existence of `Keyboard (First Match)`
    t =    27.47s Find the Keyboard (First Match)
    t =    27.50s Checking existence of `"captureNoteSave" Button`
    t =    27.55s Find the "captureNoteSave" Button
    t =    27.61s Find the "captureNoteSave" Button
    t =    27.68s Find the "captureNoteSave" Button
    t =    27.72s Find the NavigationBar (First Match)
    t =    27.75s Find the "captureNoteSave" Button
    t =    27.80s Find the "captureNoteSave" Button
    t =    27.84s Find the Target Application 'nyc.plee.bbgo'
    t =    27.87s Find the "captureNoteSave" Button
    t =    27.92s Find the Target Application 'nyc.plee.bbgo'
    t =    27.95s Terminate nyc.plee.bbgo:99087
    t =    29.05s Tear Down
Test Case '-[BBStudioUITests.NoteVisibilityUITests testLongNoteAtAccessibilityXXXL]' passed (29.262 seconds).
Test Suite 'NoteVisibilityUITests' passed at 2026-10-03 02:40:56.519.
	 Executed 1 test, with 0 failures (0 unexpected) in 29.262 (29.289) seconds
Test Suite 'BBStudioUITests.xctest' passed at 2026-10-03 02:40:56.519.
	 Executed 1 test, with 0 failures (0 unexpected) in 29.262 (29.290) seconds
Test Suite 'Selected tests' passed at 2026-10-03 02:40:56.519.
	 Executed 1 test, with 0 failures (0 unexpected) in 29.262 (29.291) seconds
2026-10-03 02:40:56.835 xcodebuild[96234:89614630] [MT] IDETestOperationsObserverDebug: 42.132 elapsed -- Testing started completed.
2026-10-03 02:40:56.835 xcodebuild[96234:89614630] [MT] IDETestOperationsObserverDebug: 0.000 sec, +0.000 sec -- start
2026-10-03 02:40:56.835 xcodebuild[96234:89614630] [MT] IDETestOperationsObserverDebug: 42.132 sec, +42.132 sec -- end

Test session results, code coverage, and logs:
	/var/folders/cv/q6nc4gqx0kddgybjp7s817zr0000gn/T/bb-note-visibility-oh2rh3yc/exact.xcresult

** TEST EXECUTE SUCCEEDED **

Testing started
