2026-10-03 01:28:41.595 Df BBStudioWatch[16691:54c88c2] [com.apple.wcd:WC] -[WCSession handleSessionStateChanged:]_block_invoke <WCSessionState: 0x103dd0600, reachable: NO, paired: YES, iOSDeviceNeedsFirstUnlock: NO, pairingID: F27F9914-3368-4598-B715-81F85DA0AAB9, pairedDevicesPairingIDs: (null), appInstallationID: (null), standalone: NO, companionAppInstalled: YES>
2026-10-03 01:28:41.595 Df BBStudioWatch[16691:54c88c2] [com.apple.wcd:WC] -[WCSession onDelegateQueueIfTriggeringKVO_updateSessionState:triggerKVO:] <WCSessionState: 0x103dd0600, reachable: NO, paired: YES, iOSDeviceNeedsFirstUnlock: NO, pairingID: F27F9914-3368-4598-B715-81F85DA0AAB9, pairedDevicesPairingIDs: (null), appInstallationID: (null), standalone: NO, companionAppInstalled: YES>, triggerKVO: NO
2026-10-03 01:28:41.596 Df BBStudioWatch[16691:54c88c2] [com.apple.wcd:WC] NSDictionary<NSString *,id> *WCDeserializePayloadData(NSData *__strong, NSError *__autoreleasing *) success: YES
2026-10-03 01:28:41.708 Df BBStudioWatch[16691:54c88c5] [com.apple.wcd:WC] -[WCSession handleSessionStateChanged:]_block_invoke <WCSessionState: 0x105a2a550, reachable: YES, paired: YES, iOSDeviceNeedsFirstUnlock: NO, pairingID: F27F9914-3368-4598-B715-81F85DA0AAB9, pairedDevicesPairingIDs: (null), appInstallationID: (null), standalone: NO, companionAppInstalled: YES>
2026-10-03 01:28:41.708 Df BBStudioWatch[16691:54c88c5] [com.apple.wcd:WC] -[WCSession onDelegateQueueIfTriggeringKVO_updateSessionState:triggerKVO:] <WCSessionState: 0x105a2a550, reachable: YES, paired: YES, iOSDeviceNeedsFirstUnlock: NO, pairingID: F27F9914-3368-4598-B715-81F85DA0AAB9, pairedDevicesPairingIDs: (null), appInstallationID: (null), standalone: NO, companionAppInstalled: YES>, triggerKVO: YES
2026-10-03 01:28:41.711 Df BBStudioWatch[16691:54c88c5] [com.apple.wcd:WC] -[WCSession sendMessage:replyHandler:errorHandler:]_block_invoke hasReplyHandler: YES, hasErrorHandler: YES
2026-10-03 01:28:41.711 Df BBStudioWatch[16691:54c88c2] [com.apple.wcd:WC] NSData *WCSerializePayloadDictionary(NSDictionary<NSString *,id> *__strong, NSError *__autoreleasing *) success: YES
2026-10-03 01:28:41.711 Df BBStudioWatch[16691:54c88c2] [com.apple.wcd:WC] -[WCSession onqueue_sendMessageData:replyHandler:errorHandler:dictionaryMessage:] size: 93, messageID: 1F5553E6-047E-45E9-803B-ED544105C422
2026-10-03 01:28:41.711 Df BBStudioWatch[16691:54c88b2] [com.apple.wcd:WC] -[WCSession sendMessage:replyHandler:errorHandler:]_block_invoke hasReplyHandler: YES, hasErrorHandler: YES
2026-10-03 01:28:41.711 Df BBStudioWatch[16691:54c88c2] [com.apple.wcd:WC] NSData *WCSerializePayloadDictionary(NSDictionary<NSString *,id> *__strong, NSError *__autoreleasing *) success: YES
2026-10-03 01:28:41.711 Df BBStudioWatch[16691:54c88c2] [com.apple.wcd:WC] -[WCSession onqueue_sendMessageData:replyHandler:errorHandler:dictionaryMessage:] size: 100, messageID: 271B103B-69DF-4A60-9EDE-E04CCE3A4AC0
2026-10-03 01:28:41.718 Df BBStudioWatch[16691:54c88b2] [com.apple.wcd:WC] -[WCSession sendMessage:replyHandler:errorHandler:]_block_invoke hasReplyHandler: YES, hasErrorHandler: YES
2026-10-03 01:28:41.718 Df BBStudioWatch[16691:54c88c5] [com.apple.wcd:WC] -[WCSession sendMessage:replyHandler:errorHandler:]_block_invoke hasReplyHandler: YES, hasErrorHandler: YES
2026-10-03 01:28:41.719 Df BBStudioWatch[16691:54c88b2] [com.apple.wcd:WC] NSData *WCSerializePayloadDictionary(NSDictionary<NSString *,id> *__strong, NSError *__autoreleasing *) success: YES
2026-10-03 01:28:41.719 Df BBStudioWatch[16691:54c88b2] [com.apple.wcd:WC] -[WCSession onqueue_sendMessageData:replyHandler:errorHandler:dictionaryMessage:] size: 93, messageID: 7EC8DD8F-995A-429E-92F0-18ACB0D0DB6A
2026-10-03 01:28:41.719 Df BBStudioWatch[16691:54c88b2] [com.apple.wcd:WC] NSData *WCSerializePayloadDictionary(NSDictionary<NSString *,id> *__strong, NSError *__autoreleasing *) success: YES
2026-10-03 01:28:41.719 Df BBStudioWatch[16691:54c88b2] [com.apple.wcd:WC] -[WCSession onqueue_sendMessageData:replyHandler:errorHandler:dictionaryMessage:] size: 100, messageID: 1ABFF23C-947F-4C9F-B447-583DEBB2D025
2026-10-03 01:29:43.582 Df BBStudioWatch[16691:54ca1a0] [com.apple.wcd:WC] -[WCQueueManager onqueue_handleSentMessageWithIdentifier:error:] id: 271B103B-69DF-4A60-9EDE-E04CCE3A4AC0 with WCErrorCodeTransferTimedOut -> IDSErrorTypeTimedOut -> IDSResponseTimedOut
2026-10-03 01:29:43.582 Df BBStudioWatch[16691:54ca1a0] [com.apple.wcd:WC] -[WCQueueManager onqueue_handleSentMessageWithIdentifier:error:] id: 1F5553E6-047E-45E9-803B-ED544105C422 with WCErrorCodeTransferTimedOut -> IDSErrorTypeTimedOut -> IDSResponseTimedOut
2026-10-03 01:29:43.582 E  BBStudioWatch[16691:54cb53d] [com.apple.wcd:WC] -[WCSession onqueue_handleMessageCompletionWithError:withMessageID:] 271B103B-69DF-4A60-9EDE-E04CCE3A4AC0 due to WCErrorCodeTransferTimedOut -> IDSErrorTypeTimedOut -> IDSResponseTimedOut
2026-10-03 01:29:43.582 Df BBStudioWatch[16691:54ca1a0] [com.apple.wcd:WC] -[WCQueueManager onqueue_handleSentMessageWithIdentifier:error:] id: 7EC8DD8F-995A-429E-92F0-18ACB0D0DB6A with WCErrorCodeTransferTimedOut -> IDSErrorTypeTimedOut -> IDSResponseTimedOut
2026-10-03 01:29:43.582 E  BBStudioWatch[16691:54cb53d] [com.apple.wcd:WC] -[WCSession _onqueue_notifyOfMessageError:messageID:withErrorHandler:] 271B103B-69DF-4A60-9EDE-E04CCE3A4AC0 errorHandler: YES with WCErrorCodeTransferTimedOut -> IDSErrorTypeTimedOut -> IDSResponseTimedOut
2026-10-03 01:29:43.583 E  BBStudioWatch[16691:54cb53d] [com.apple.wcd:WC] -[WCSession onqueue_handleMessageCompletionWithError:withMessageID:] 1F5553E6-047E-45E9-803B-ED544105C422 due to WCErrorCodeTransferTimedOut -> IDSErrorTypeTimedOut -> IDSResponseTimedOut
2026-10-03 01:29:43.583 E  BBStudioWatch[16691:54cb53d] [com.apple.wcd:WC] -[WCSession _onqueue_notifyOfMessageError:messageID:withErrorHandler:] 1F5553E6-047E-45E9-803B-ED544105C422 errorHandler: YES with WCErrorCodeTransferTimedOut -> IDSErrorTypeTimedOut -> IDSResponseTimedOut
2026-10-03 01:29:43.583 E  BBStudioWatch[16691:54cb53d] [com.apple.wcd:WC] -[WCSession onqueue_handleMessageCompletionWithError:withMessageID:] 7EC8DD8F-995A-429E-92F0-18ACB0D0DB6A due to WCErrorCodeTransferTimedOut -> IDSErrorTypeTimedOut -> IDSResponseTimedOut
2026-10-03 01:29:43.583 E  BBStudioWatch[16691:54cb53d] [com.apple.wcd:WC] -[WCSession _onqueue_notifyOfMessageError:messageID:withErrorHandler:] 7EC8DD8F-995A-429E-92F0-18ACB0D0DB6A errorHandler: YES with WCErrorCodeTransferTimedOut -> IDSErrorTypeTimedOut -> IDSResponseTimedOut
2026-10-03 01:29:43.583 Df BBStudioWatch[16691:54ca1a0] [com.apple.wcd:WC] -[WCQueueManager onqueue_handleSentMessageWithIdentifier:error:] id: 1ABFF23C-947F-4C9F-B447-583DEBB2D025 with WCErrorCodeTransferTimedOut -> IDSErrorTypeTimedOut -> IDSResponseTimedOut
2026-10-03 01:29:43.583 E  BBStudioWatch[16691:54cb53d] [com.apple.wcd:WC] -[WCSession onqueue_handleMessageCompletionWithError:withMessageID:] 1ABFF23C-947F-4C9F-B447-583DEBB2D025 due to WCErrorCodeTransferTimedOut -> IDSErrorTypeTimedOut -> IDSResponseTimedOut
2026-10-03 01:29:43.583 E  BBStudioWatch[16691:54cb53d] [com.apple.wcd:WC] -[WCSession _onqueue_notifyOfMessageError:messageID:withErrorHandler:] 1ABFF23C-947F-4C9F-B447-583DEBB2D025 errorHandler: YES with WCErrorCodeTransferTimedOut -> IDSErrorTypeTimedOut -> IDSResponseTimedOut
2026-10-03 01:30:24.066 Df BBStudioWatch[16691:54cb79f] [com.apple.wcd:WC] -[WCSession handleSessionStateChanged:]_block_invoke <WCSessionState: 0x10bd4f570, reachable: NO, paired: YES, iOSDeviceNeedsFirstUnlock: NO, pairingID: F27F9914-3368-4598-B715-81F85DA0AAB9, pairedDevicesPairingIDs: (null), appInstallationID: (null), standalone: NO, companionAppInstalled: YES>
2026-10-03 01:30:24.066 Df BBStudioWatch[16691:54cb79f] [com.apple.wcd:WC] -[WCSession onDelegateQueueIfTriggeringKVO_updateSessionState:triggerKVO:] <WCSessionState: 0x10bd4f570, reachable: NO, paired: YES, iOSDeviceNeedsFirstUnlock: NO, pairingID: F27F9914-3368-4598-B715-81F85DA0AAB9, pairedDevicesPairingIDs: (null), appInstallationID: (null), standalone: NO, companionAppInstalled: YES>, triggerKVO: YES
2026-10-03 01:30:24.676 Df BBStudioWatch[16691:54ccfdc] [com.apple.wcd:WC] -[WCSession handleSessionStateChanged:]_block_invoke <WCSessionState: 0x10bd333f0, reachable: YES, paired: YES, iOSDeviceNeedsFirstUnlock: NO, pairingID: F27F9914-3368-4598-B715-81F85DA0AAB9, pairedDevicesPairingIDs: (null), appInstallationID: (null), standalone: NO, companionAppInstalled: YES>
2026-10-03 01:30:24.677 Df BBStudioWatch[16691:54ccfd2] [com.apple.wcd:WC] -[WCSession onDelegateQueueIfTriggeringKVO_updateSessionState:triggerKVO:] <WCSessionState: 0x10bd333f0, reachable: YES, paired: YES, iOSDeviceNeedsFirstUnlock: NO, pairingID: F27F9914-3368-4598-B715-81F85DA0AAB9, pairedDevicesPairingIDs: (null), appInstallationID: (null), standalone: NO, companionAppInstalled: YES>, triggerKVO: YES
2026-10-03 01:30:24.677 Df BBStudioWatch[16691:54ca1a0] [com.apple.wcd:WC] -[WCSession sendMessage:replyHandler:errorHandler:]_block_invoke hasReplyHandler: YES, hasErrorHandler: YES
2026-10-03 01:30:24.677 Df BBStudioWatch[16691:54ccfd2] [com.apple.wcd:WC] NSData *WCSerializePayloadDictionary(NSDictionary<NSString *,id> *__strong, NSError *__autoreleasing *) success: YES
2026-10-03 01:30:24.677 Df BBStudioWatch[16691:54ccfdc] [com.apple.wcd:WC] -[WCSession sendMessage:replyHandler:errorHandler:]_block_invoke hasReplyHandler: YES, hasErrorHandler: YES
2026-10-03 01:30:24.677 Df BBStudioWatch[16691:54ccfd2] [com.apple.wcd:WC] -[WCSession onqueue_sendMessageData:replyHandler:errorHandler:dictionaryMessage:] size: 93, messageID: 6653C4C3-1F82-43E1-9C33-B8B5339B51FB
2026-10-03 01:30:24.677 Df BBStudioWatch[16691:54ccfd2] [com.apple.wcd:WC] NSData *WCSerializePayloadDictionary(NSDictionary<NSString *,id> *__strong, NSError *__autoreleasing *) success: YES
2026-10-03 01:30:24.677 Df BBStudioWatch[16691:54ccfd2] [com.apple.wcd:WC] -[WCSession onqueue_sendMessageData:replyHandler:errorHandler:dictionaryMessage:] size: 100, messageID: 43D27D42-34FE-455D-9EEF-3BCB0A725D5E
2026-10-03 01:30:25.582 Df BBStudioWatch[16691:54ccfd2] [com.apple.wcd:WC] -[WCQueueManager onqueue_handleSentMessageWithIdentifier:error:] id: 6653C4C3-1F82-43E1-9C33-B8B5339B51FB with kNoErr
2026-10-03 01:30:25.582 Df BBStudioWatch[16691:54ccfdc] [com.apple.wcd:WC] -[WCQueueManager onqueue_handleSentMessageWithIdentifier:error:] id: 43D27D42-34FE-455D-9EEF-3BCB0A725D5E with kNoErr
2026-10-03 01:30:37.548 Df BBStudioWatch[16691:54ca1a0] [com.apple.wcd:WC] -[WCSession handleResponse:] <WCMessageResponse: 0x10bd339c0, identifier: 43D27D42-34FE-455D-9EEF-3BCB0A725D5E, dataLength: 115, error: kNoErr>
2026-10-03 01:30:37.548 Df BBStudioWatch[16691:54ca1a0] [com.apple.wcd:WC] NSDictionary<NSString *,id> *WCDeserializePayloadData(NSData *__strong, NSError *__autoreleasing *) success: YES
2026-10-03 01:30:37.549 Df BBStudioWatch[16691:54ccfdc] [com.apple.wcd:WC] -[WCSession handleResponse:] <WCMessageResponse: 0x10bd33f90, identifier: 6653C4C3-1F82-43E1-9C33-B8B5339B51FB, dataLength: 818, error: kNoErr>
2026-10-03 01:30:37.549 Df BBStudioWatch[16691:54ccfdc] [com.apple.wcd:WC] NSDictionary<NSString *,id> *WCDeserializePayloadData(NSData *__strong, NSError *__autoreleasing *) success: YES
