Command line invocation:
    /Applications/Xcode.app/Contents/Developer/usr/bin/xcodebuild test-without-building -xctestrun /tmp/bb-native-performance/build/Build/Products/detach.xctestrun -destination "platform=iOS Simulator,id=9D39E933-F6BA-4759-AEA8-51889F3FA1F1" "-only-testing:BBStudioTests/PageModelDetachTests" -parallel-testing-enabled NO -resultBundlePath /tmp/bb-native-performance/detach/after.xcresult

Writing result bundle at path:
	/tmp/bb-native-performance/detach/after.xcresult

2026-10-03 01:55:44.429094-0400 BBStudio[20565:89166743] [WC] -[WCSession onqueue_handleUpdateSessionState:]_block_invoke dropping as pairingIDs no longer match. pairingID (null), client pairingID: (null)
2026-10-03 01:55:44.433156-0400 BBStudio[20565:89166743] [WC] WCSession is not paired
2026-10-03 01:55:44.888258-0400 BBStudio[20565:89165587] [API] cannot add handler to 0 from 0 - dropping
2026-10-03 01:55:44.888470-0400 BBStudio[20565:89165587] [API] cannot add handler to 0 from 0 - dropping
2026-10-03 01:55:44.891537-0400 BBStudio[20565:89166745] [General] Failed to send CA Event for app launch measurements for ca_event_type: 0 event_name: com.apple.app_launch_measurement.FirstFramePresentationMetric
2026-10-03 01:55:44.894528-0400 BBStudio[20565:89165587] [XPCErrors] non-launching port is incompatible with service identifier "com.apple.PointerUI.pointeruid.default-service"
2026-10-03 01:55:44.915901-0400 BBStudio[20565:89165587] [API] cannot add handler to 0 from 0 - dropping
2026-10-03 01:55:44.916022-0400 BBStudio[20565:89165587] [API] cannot add handler to 0 from 0 - dropping
Test Suite 'Selected tests' started at 2026-10-03 01:55:44.999.
Test Suite 'BBStudioTests.xctest' started at 2026-10-03 01:55:45.000.
Test Suite 'PageModelDetachTests' started at 2026-10-03 01:55:45.000.
Test Case '-[BBStudioTests.PageModelDetachTests testQueuedRealtimeReloadIsCancelledOnDetach]' started.
DETACH_PROBE fixture page: pg_7d1d0c3511c5bbd5
2026-10-03 01:55:45.084904-0400 BBStudio[20565:89166850] [connection] nw_socket_output_finished [C6:2] shutdown(22, SHUT_WR) [57: Socket is not connected]
2026-10-03 01:55:45.092929-0400 BBStudio[20565:89166855] [General] Failed to send CA Event for app launch measurements for ca_event_type: 1 event_name: com.apple.app_launch_measurement.ExtendedLaunchMetrics
DETACH_PROBE detached; model retained: true
DETACH_PROBE post-detach markdown reads: 0
DETACH_PROBE markdown read started
DETACH_PROBE attached control markdown reads: 1
2026-10-03 01:55:48.618413-0400 BBStudio[20565:89166743] [connection] nw_socket_output_finished [C8:2] shutdown(22, SHUT_WR) [57: Socket is not connected]
Test Case '-[BBStudioTests.PageModelDetachTests testQueuedRealtimeReloadIsCancelledOnDetach]' passed (5.650 seconds).
Test Suite 'PageModelDetachTests' passed at 2026-10-03 01:55:50.652.
	 Executed 1 test, with 0 failures (0 unexpected) in 5.650 (5.652) seconds
Test Suite 'BBStudioTests.xctest' passed at 2026-10-03 01:55:50.652.
	 Executed 1 test, with 0 failures (0 unexpected) in 5.650 (5.652) seconds
Test Suite 'Selected tests' passed at 2026-10-03 01:55:50.652.
	 Executed 1 test, with 0 failures (0 unexpected) in 5.650 (5.653) seconds
2026-10-03 01:55:50.949 xcodebuild[20556:89165029] [MT] IDETestOperationsObserverDebug: 11.412 elapsed -- Testing started completed.
2026-10-03 01:55:50.949 xcodebuild[20556:89165029] [MT] IDETestOperationsObserverDebug: 0.000 sec, +0.000 sec -- start
2026-10-03 01:55:50.949 xcodebuild[20556:89165029] [MT] IDETestOperationsObserverDebug: 11.412 sec, +11.412 sec -- end

Test session results, code coverage, and logs:
	/tmp/bb-native-performance/detach/after.xcresult

** TEST EXECUTE SUCCEEDED **

Testing started
